\BOOKMARK [1][-]{section*.1}{\376\377\000A\000b\000s\000t\000r\000a\000c\000t}{}% 1
\BOOKMARK [1][-]{section.1}{\376\377\000M\000o\000n\000g\000o\000D\000B}{}% 2
\BOOKMARK [2][-]{subsection.1.1}{\376\377\000I\000n\000t\000r\000o\000d\000u\000z\000i\000o\000n\000e}{section.1}% 3
\BOOKMARK [2][-]{subsection.1.2}{\376\377\000M\000o\000d\000a\000l\000i\000t\000\340\000\040\000d\000i\000\040\000u\000t\000i\000l\000i\000z\000z\000o}{section.1}% 4
\BOOKMARK [2][-]{subsection.1.3}{\376\377\000O\000p\000e\000r\000a\000z\000i\000o\000n\000i\000\040\000C\000R\000U\000D}{section.1}% 5
\BOOKMARK [3][-]{subsubsection.1.3.1}{\376\377\000I\000n\000s\000e\000r\000t}{subsection.1.3}% 6
\BOOKMARK [3][-]{subsubsection.1.3.2}{\376\377\000D\000e\000l\000e\000t\000e}{subsection.1.3}% 7
\BOOKMARK [3][-]{subsubsection.1.3.3}{\376\377\000U\000p\000d\000a\000t\000e}{subsection.1.3}% 8
\BOOKMARK [3][-]{subsubsection.1.3.4}{\376\377\000R\000e\000a\000d}{subsection.1.3}% 9
\BOOKMARK [2][-]{subsection.1.4}{\376\377\000A\000g\000g\000r\000e\000g\000a\000z\000i\000o\000n\000e}{section.1}% 10
\BOOKMARK [1][-]{section.2}{\376\377\000S\000p\000e\000r\000i\000m\000e\000n\000t\000a\000z\000i\000o\000n\000e}{}% 11
\BOOKMARK [2][-]{subsection.2.1}{\376\377\000I\000n\000t\000r\000o\000d\000u\000z\000i\000o\000n\000e}{section.2}% 12
\BOOKMARK [2][-]{subsection.2.2}{\376\377\000T\000r\000a\000s\000f\000o\000r\000m\000a\000z\000i\000o\000n\000e\000\040\000d\000e\000l\000\040\000d\000a\000t\000a\000b\000a\000s\000e}{section.2}% 13
\BOOKMARK [2][-]{subsection.2.3}{\376\377\000I\000n\000t\000e\000r\000r\000o\000g\000a\000z\000i\000o\000n\000e\000\040\000d\000e\000l\000\040\000d\000a\000t\000a\000b\000a\000s\000e}{section.2}% 14
\BOOKMARK [3][-]{subsubsection.2.3.1}{\376\377\000M\000u\000s\000i\000c\000a}{subsection.2.3}% 15
\BOOKMARK [3][-]{subsubsection.2.3.2}{\376\377\000V\000e\000n\000d\000i\000t\000e}{subsection.2.3}% 16
\BOOKMARK [1][-]{section.3}{\376\377\000I\000n\000t\000e\000r\000f\000a\000c\000c\000i\000a\000\040\000g\000r\000a\000f\000i\000c\000a}{}% 17
\BOOKMARK [2][-]{subsection.3.1}{\376\377\000m\000u\000s\000i\000c\000.\000p\000y}{section.3}% 18
\BOOKMARK [2][-]{subsection.3.2}{\376\377\000s\000a\000l\000e\000s\000.\000p\000y}{section.3}% 19
\BOOKMARK [1][-]{section.4}{\376\377\000C\000o\000n\000c\000l\000u\000s\000i\000o\000n\000i}{}% 20
\BOOKMARK [1][-]{section.4}{\376\377\000R\000e\000f\000e\000r\000e\000n\000c\000e\000s}{}% 21
\BOOKMARK [1][-]{appendix.Alph1}{\376\377\000T\000r\000a\000s\000f\000o\000r\000m\000a\000z\000i\000o\000n\000e\000\040\000d\000e\000l\000\040\000d\000a\000t\000a\000b\000a\000s\000e}{}% 22
\BOOKMARK [1][-]{appendix.Alph2}{\376\377\000I\000n\000t\000e\000r\000r\000o\000g\000a\000z\000i\000o\000n\000e\000\040\000d\000e\000l\000\040\000d\000a\000t\000a\000b\000a\000s\000e\000:\000\040\000p\000a\000r\000t\000e\000\040\000m\000u\000s\000i\000c\000a\000l\000e}{}% 23
